// Jest Snapshot v1, https://goo.gl/fbAQLP

exports[`HamburgerMenuButton is rendered as expected 1`] = `
<DocumentFragment>
  <button
    aria-label="hamburger menu"
    class="MuiButtonBase-root MuiIconButton-root MuiIconButton-edgeStart"
    tabindex="0"
    type="button"
  >
    <span
      class="MuiIconButton-label"
    >
      <svg
        aria-hidden="true"
        class="MuiSvgIcon-root"
        focusable="false"
        role="presentation"
        viewBox="0 0 24 24"
      >
        <path
          d="M3 18h18v-2H3v2zm0-5h18v-2H3v2zm0-7v2h18V6H3z"
        />
      </svg>
    </span>
    <span
      class="MuiTouchRipple-root"
    />
  </button>
</DocumentFragment>
`;
