// Jest Snapshot v1, https://goo.gl/fbAQLP

exports[`SignInButton is rendered as expected 1`] = `
<DocumentFragment>
  .c0 {
  margin-left: 8px;
}

<button
    aria-label="sign in button"
    class="MuiButtonBase-root MuiButton-root MuiButton-contained c0 MuiButton-containedPrimary"
    ml="1"
    tabindex="0"
    type="button"
  >
    <span
      class="MuiButton-label"
    >
      Sign In
    </span>
    <span
      class="MuiTouchRipple-root"
    />
  </button>
</DocumentFragment>
`;
