// Jest Snapshot v1, https://goo.gl/fbAQLP

exports[`AccountMenu renders the menu as expected 1`] = `
<div
  aria-hidden="true"
  aria-label="account menu"
  class="MuiPopover-root"
  role="presentation"
  style="position: fixed; z-index: 1300; right: 0px; bottom: 0px; top: 0px; left: 0px; visibility: hidden;"
>
  <div
    data-test="sentinelStart"
    tabindex="0"
  />
  <div
    class="MuiPaper-root MuiMenu-paper MuiPopover-paper MuiPaper-elevation8 MuiPaper-rounded"
    style="opacity: 0; transform: scale(0.75, 0.5625); visibility: hidden;"
    tabindex="-1"
  >
    <ul
      class="MuiList-root MuiMenu-list MuiList-padding"
      role="menu"
      tabindex="-1"
    >
      <p
        class="MuiTypography-root MuiTypography-body1 MuiTypography-noWrap MuiTypography-gutterBottom MuiTypography-alignCenter"
        tabindex="0"
      >
        hoge
      </p>
      <hr
        class="MuiDivider-root"
      />
      <li
        aria-disabled="false"
        class="MuiButtonBase-root MuiListItem-root MuiMenuItem-root MuiMenuItem-gutters MuiListItem-gutters MuiListItem-button"
        role="menuitem"
        tabindex="-1"
      >
        <div
          class="MuiListItemIcon-root"
        >
          <svg
            aria-hidden="true"
            class="MuiSvgIcon-root"
            focusable="false"
            role="presentation"
            viewBox="0 0 24 24"
          >
            <path
              d="M10.09 15.59L11.5 17l5-5-5-5-1.41 1.41L12.67 11H3v2h9.67l-2.58 2.59zM19 3H5c-1.11 0-2 .9-2 2v4h2V5h14v14H5v-4H3v4c0 1.1.89 2 2 2h14c1.1 0 2-.9 2-2V5c0-1.1-.9-2-2-2z"
            />
          </svg>
        </div>
        <span
          class="MuiTypography-root"
        >
          Sign Out
        </span>
        <span
          class="MuiTouchRipple-root"
        />
      </li>
    </ul>
  </div>
  <div
    data-test="sentinelEnd"
    tabindex="0"
  />
</div>
`;

exports[`AccountMenu renders the menu button as expected 1`] = `
<DocumentFragment>
  .c0 {
  background-color: #b3d6a4;
}

<button
    aria-label="account menu button"
    class="MuiButtonBase-root MuiIconButton-root MuiIconButton-sizeSmall MuiIconButton-edgeEnd"
    tabindex="0"
    type="button"
  >
    <span
      class="MuiIconButton-label"
    >
      <div
        class="MuiAvatar-root MuiAvatar-circle c0 MuiAvatar-colorDefault"
      >
        <svg
          aria-hidden="true"
          class="MuiSvgIcon-root MuiSvgIcon-colorAction"
          focusable="false"
          role="presentation"
          viewBox="0 0 24 24"
        >
          <path
            d="M12 2C6.48 2 2 6.48 2 12s4.48 10 10 10 10-4.48 10-10S17.52 2 12 2zm0 3c1.66 0 3 1.34 3 3s-1.34 3-3 3-3-1.34-3-3 1.34-3 3-3zm0 14.2c-2.5 0-4.71-1.28-6-3.22.03-1.99 4-3.08 6-3.08 1.99 0 5.97 1.09 6 3.08-1.29 1.94-3.5 3.22-6 3.22z"
          />
        </svg>
      </div>
    </span>
    <span
      class="MuiTouchRipple-root"
    />
  </button>
</DocumentFragment>
`;
