// Jest Snapshot v1, https://goo.gl/fbAQLP

exports[`components ContainedButton renders correctly 1`] = `
<DocumentFragment>
  <button
    class="MuiButtonBase-root MuiButton-root MuiButton-contained"
    tabindex="0"
    type="button"
  >
    <span
      class="MuiButton-label"
    >
      ZUNDOKO
    </span>
    <span
      class="MuiTouchRipple-root"
    />
  </button>
</DocumentFragment>
`;
